Speech_Data/raopenghao/bezier/char_label/test/bezier_20210415121054_0/label_00000.blk
Speech_Data/raopenghao/bezier/char_label/test/bezier_20210415121054_0/label_00000.desc
Speech_Data/raopenghao/bezier/char_label/test/bezier_20210415121054_0/label_00001.blk
Speech_Data/raopenghao/bezier/char_label/test/bezier_20210415121054_0/label_00001.desc
Speech_Data/raopenghao/bezier/char_label/test/bezier_20210415121054_0/label_00002.blk
Speech_Data/raopenghao/bezier/char_label/test/bezier_20210415121054_0/label_00002.desc
Speech_Data/raopenghao/bezier/char_label/test/bezier_20210415121054_0/label_00003.blk
Speech_Data/raopenghao/bezier/char_label/test/bezier_20210415121054_0/label_00003.desc
Speech_Data/raopenghao/bezier/char_label/test/bezier_20210415121054_0/label_00004.blk
Speech_Data/raopenghao/bezier/char_label/test/bezier_20210415121054_0/label_00004.desc
Speech_Data/raopenghao/bezier/char_label/test/bezier_20210415121054_0/label_00005.blk
Speech_Data/raopenghao/bezier/char_label/test/bezier_20210415121054_0/label_00005.desc
Speech_Data/raopenghao/bezier/char_label/test/bezier_20210415121054_0/label_00006.blk
Speech_Data/raopenghao/bezier/char_label/test/bezier_20210415121054_0/label_00006.desc
Speech_Data/raopenghao/bezier/char_label/test/bezier_20210415121054_0/label_00007.blk
Speech_Data/raopenghao/bezier/char_label/test/bezier_20210415121054_0/label_00007.desc
Speech_Data/raopenghao/bezier/char_label/test/bezier_20210415121054_0/label_00008.blk
Speech_Data/raopenghao/bezier/char_label/test/bezier_20210415121054_0/label_00008.desc
Speech_Data/raopenghao/bezier/char_label/test/bezier_20210415121054_0/label_00009.blk
Speech_Data/raopenghao/bezier/char_label/test/bezier_20210415121054_0/label_00009.desc
Speech_Data/raopenghao/bezier/char_label/test/bezier_20210415121054_0/label_00010.blk
Speech_Data/raopenghao/bezier/char_label/test/bezier_20210415121054_0/label_00010.desc
